{"index": 0, "file": "検証/復旧055_標識組立完全所有回帰.py", "exit_code": 0, "tests": 8, "successful": true, "timed_out": false}
{"index": 1, "file": "検証/復旧056_流路境界回帰.py", "exit_code": 0, "tests": 21, "successful": true, "timed_out": false}
{"index": 2, "file": "検証/櫛配置回帰.py", "exit_code": 0, "tests": 29, "successful": true, "timed_out": false}
{"index": 3, "file": "検証/凡例展開回帰.py", "exit_code": 0, "tests": 21, "successful": true, "timed_out": false}
{"index": 4, "file": "検証/標識軸転写所有補完回帰.py", "exit_code": 0, "tests": 25, "successful": true, "timed_out": false}
{"index": 5, "file": "検証/有限量流路回帰.py", "exit_code": 0, "tests": 5, "successful": true, "timed_out": false}
{"index": 6, "file": "検証/埋込凡例組立回帰.py", "exit_code": 0, "tests": 8, "successful": true, "timed_out": false}
{"index": 7, "file": "検証/格子基点視野回帰.py", "exit_code": 0, "tests": 32, "successful": true, "timed_out": false}
{"index": 8, "file": "検証/復旧093_凡例方向移動回帰.py", "exit_code": 0, "tests": 16, "successful": true, "timed_out": false}
{"index": 9, "file": "検証/疎標点重畳境界検証.py", "exit_code": 0, "tests": 13, "successful": true, "timed_out": false}
{"index": 10, "file": "検証/枠見本所有補完回帰.py", "exit_code": 0, "tests": 10, "successful": true, "timed_out": false}
{"index": 11, "file": "検証/枠命令配置回帰.py", "exit_code": 0, "tests": 5, "successful": true, "timed_out": false}
{"index": 12, "file": "検証/並列枠命令回帰.py", "exit_code": 0, "tests": 27, "successful": true, "timed_out": false}
{"index": 13, "file": "検証/反復枠タイル公開確認.py", "exit_code": 0, "tests": 5, "successful": true, "timed_out": false}
{"index": 14, "file": "検証/多類枠倍率置換回帰.py", "exit_code": 0, "tests": 10, "successful": true, "timed_out": false}
{"index": 15, "file": "検証/枠局所命令回帰.py", "exit_code": 0, "tests": 6, "successful": true, "timed_out": false}
{"index": 16, "file": "検証/テンプレート充填回帰.py", "exit_code": 0, "tests": 6, "successful": true, "timed_out": false}
{"index": 17, "file": "検証/中心配色回帰.py", "exit_code": 0, "tests": 14, "successful": true, "timed_out": false}
{"index": 18, "file": "検証/二値原型回帰.py", "exit_code": 0, "tests": 21, "successful": true, "timed_out": false}
{"index": 19, "file": "検証/二軸補完回帰.py", "exit_code": 0, "tests": 21, "successful": true, "timed_out": false}
{"index": 20, "file": "検証/倍率置換回帰.py", "exit_code": 0, "tests": 15, "successful": true, "timed_out": false}
{"index": 21, "file": "検証/側周期回帰.py", "exit_code": 0, "tests": 15, "successful": true, "timed_out": false}
{"index": 22, "file": "検証/入れ子合成回帰.py", "exit_code": 0, "tests": 10, "successful": true, "timed_out": false}
{"index": 23, "file": "検証/全panel端連鎖回帰.py", "exit_code": 0, "tests": 60, "successful": true, "timed_out": false}
{"index": 24, "file": "検証/全体接触回帰.py", "exit_code": 0, "tests": 255, "successful": true, "timed_out": false}
{"index": 25, "file": "検証/全足跡整列回帰.py", "exit_code": 0, "tests": 179, "successful": true, "timed_out": false}
{"index": 26, "file": "検証/凡例旋回回帰.py", "exit_code": 0, "tests": 20, "successful": true, "timed_out": false}
{"index": 27, "file": "検証/凡例矩形回帰.py", "exit_code": 0, "tests": 34, "successful": true, "timed_out": false}
{"index": 28, "file": "検証/凡例穴対応回帰.py", "exit_code": 0, "tests": 8, "successful": true, "timed_out": false}
{"index": 29, "file": "検証/凡例経路回帰.py", "exit_code": 0, "tests": 15, "successful": true, "timed_out": false}
{"index": 30, "file": "検証/凡例集合回帰.py", "exit_code": 0, "tests": 22, "successful": true, "timed_out": false}
{"index": 31, "file": "検証/制御複写回帰.py", "exit_code": 0, "tests": 18, "successful": true, "timed_out": false}
{"index": 32, "file": "検証/包含正規化回帰.py", "exit_code": 0, "tests": 14, "successful": true, "timed_out": false}
{"index": 33, "file": "検証/区切投射回帰.py", "exit_code": 0, "tests": 17, "successful": true, "timed_out": false}
{"index": 34, "file": "検証/十字回帰.py", "exit_code": 0, "tests": 12, "successful": true, "timed_out": false}
{"index": 35, "file": "検証/十字曲線回帰.py", "exit_code": 0, "tests": 34, "successful": true, "timed_out": false}
{"index": 36, "file": "検証/反復行回帰.py", "exit_code": 0, "tests": 13, "successful": true, "timed_out": false}
{"index": 37, "file": "検証/合同物体出口回帰.py", "exit_code": 0, "tests": 351, "successful": true, "timed_out": false}
{"index": 38, "file": "検証/周期帯回帰.py", "exit_code": 0, "tests": 14, "successful": true, "timed_out": false}
{"index": 39, "file": "検証/周期組修復回帰.py", "exit_code": 0, "tests": 12, "successful": true, "timed_out": false}
{"index": 40, "file": "検証/四欄反復回帰.py", "exit_code": 0, "tests": 22, "successful": true, "timed_out": false}
{"index": 41, "file": "検証/基点複製回帰.py", "exit_code": 0, "tests": 18, "successful": true, "timed_out": false}
{"index": 42, "file": "検証/境界点周期回帰.py", "exit_code": 0, "tests": 11, "successful": true, "timed_out": false}
{"index": 43, "file": "検証/境界色経路回帰.py", "exit_code": 0, "tests": 170, "successful": true, "timed_out": false}
{"index": 44, "file": "検証/対称剪定回帰.py", "exit_code": 0, "tests": 13, "successful": true, "timed_out": false}
{"index": 45, "file": "検証/対角線橋回帰.py", "exit_code": 0, "tests": 10, "successful": true, "timed_out": false}
{"index": 46, "file": "検証/対角領域回帰.py", "exit_code": 0, "tests": 10, "successful": true, "timed_out": false}
{"index": 47, "file": "検証/対辺標点配置回帰.py", "exit_code": 0, "tests": 17, "successful": true, "timed_out": false}
{"index": 48, "file": "検証/局所格子側線回帰.py", "exit_code": 0, "tests": 41, "successful": true, "timed_out": false}
{"index": 49, "file": "検証/帯profile積層回帰.py", "exit_code": 0, "tests": 18, "successful": true, "timed_out": false}
{"index": 50, "file": "検証/帯図形回帰.py", "exit_code": 0, "tests": 18, "successful": true, "timed_out": false}
{"index": 51, "file": "検証/帯輪郭回帰.py", "exit_code": 0, "tests": 15, "successful": true, "timed_out": false}
{"index": 52, "file": "検証/平行線基準長回帰.py", "exit_code": 0, "tests": 10, "successful": true, "timed_out": false}
{"index": 53, "file": "検証/形状色回帰.py", "exit_code": 0, "tests": 12, "successful": true, "timed_out": false}
{"index": 54, "file": "検証/成分最短経路回帰.py", "exit_code": 0, "tests": 10, "successful": true, "timed_out": false}
{"index": 55, "file": "検証/成分直列回帰.py", "exit_code": 0, "tests": 12, "successful": true, "timed_out": false}
{"index": 56, "file": "検証/折畳帯成長回帰.py", "exit_code": 0, "tests": 49, "successful": true, "timed_out": false}
{"index": 57, "file": "検証/接触配置回帰.py", "exit_code": 0, "tests": 20, "successful": true, "timed_out": false}
{"index": 58, "file": "検証/支持構造回帰.py", "exit_code": 0, "tests": 34, "successful": true, "timed_out": false}
{"index": 59, "file": "検証/放射組立回帰.py", "exit_code": 0, "tests": 12, "successful": true, "timed_out": false}
{"index": 60, "file": "検証/有限字形視野回帰.py", "exit_code": 0, "tests": 11, "successful": true, "timed_out": false}
{"index": 61, "file": "検証/枠列整列回帰.py", "exit_code": 0, "tests": 19, "successful": true, "timed_out": false}
{"index": 62, "file": "検証/枠端積層回帰.py", "exit_code": 0, "tests": 821, "successful": true, "timed_out": false}
{"index": 63, "file": "検証/枠計数回帰.py", "exit_code": 0, "tests": 14, "successful": true, "timed_out": false}
{"index": 64, "file": "検証/格子自己マスク回帰.py", "exit_code": 0, "tests": 9, "successful": true, "timed_out": false}
{"index": 65, "file": "検証/標点組立回帰.py", "exit_code": 0, "tests": 37, "successful": true, "timed_out": false}
{"index": 66, "file": "検証/標識二領域回帰.py", "exit_code": 0, "tests": 8, "successful": true, "timed_out": false}
{"index": 67, "file": "検証/標識水路回帰.py", "exit_code": 0, "tests": 132, "successful": true, "timed_out": false}
{"index": 68, "file": "検証/標識移動回帰.py", "exit_code": 0, "tests": 12, "successful": true, "timed_out": false}
{"index": 69, "file": "検証/標識組立回帰.py", "exit_code": 0, "tests": 14, "successful": true, "timed_out": false}
{"index": 70, "file": "検証/標識計数回帰.py", "exit_code": 0, "tests": 14, "successful": true, "timed_out": false}
{"index": 71, "file": "検証/標識軸転写回帰.py", "exit_code": 0, "tests": 242, "successful": true, "timed_out": false}
{"index": 72, "file": "検証/正方形格子回帰.py", "exit_code": 0, "tests": 14, "successful": true, "timed_out": false}
{"index": 73, "file": "検証/流路回帰.py", "exit_code": 0, "tests": 13, "successful": true, "timed_out": false}
{"index": 74, "file": "検証/物体slot回帰.py", "exit_code": 0, "tests": 19, "successful": true, "timed_out": false}
{"index": 75, "file": "検証/物体端投射回帰.py", "exit_code": 0, "tests": 7, "successful": true, "timed_out": false}
{"index": 76, "file": "検証/物体群整列回帰.py", "exit_code": 0, "tests": 10, "successful": true, "timed_out": false}
{"index": 77, "file": "検証/疎点転写回帰.py", "exit_code": 0, "tests": 19, "successful": true, "timed_out": false}
{"index": 78, "file": "検証/矢印到達回帰.py", "exit_code": 0, "tests": 176, "successful": true, "timed_out": false}
{"index": 79, "file": "検証/矩形継目回帰.py", "exit_code": 0, "tests": 675, "successful": true, "timed_out": false}
{"index": 80, "file": "検証/種境界回帰.py", "exit_code": 0, "tests": 15, "successful": true, "timed_out": false}
{"index": 81, "file": "検証/穴形拡大回帰.py", "exit_code": 0, "tests": 13, "successful": true, "timed_out": false}
{"index": 82, "file": "検証/穴輪郭回帰.py", "exit_code": 0, "tests": 12, "successful": true, "timed_out": false}
{"index": 83, "file": "検証/空白移動回帰.py", "exit_code": 0, "tests": 13, "successful": true, "timed_out": false}
{"index": 84, "file": "検証/色線反射回帰.py", "exit_code": 0, "tests": 10, "successful": true, "timed_out": false}
{"index": 85, "file": "検証/色群充填回帰.py", "exit_code": 0, "tests": 8, "successful": true, "timed_out": false}
{"index": 86, "file": "検証/行周期回帰.py", "exit_code": 0, "tests": 13, "successful": true, "timed_out": false}
{"index": 87, "file": "検証/見本格子分類回帰.py", "exit_code": 0, "tests": 12, "successful": true, "timed_out": false}
{"index": 88, "file": "検証/観測成長回帰.py", "exit_code": 0, "tests": 2385, "successful": true, "timed_out": false}
{"index": 89, "file": "検証/計数棒迂回回帰.py", "exit_code": 0, "tests": 654, "successful": true, "timed_out": false}
{"index": 90, "file": "検証/計数色層旋回回帰.py", "exit_code": 0, "tests": 6, "successful": true, "timed_out": false}
{"index": 91, "file": "検証/記号命令回帰.py", "exit_code": 0, "tests": 24, "successful": true, "timed_out": false}
{"index": 92, "file": "検証/象限配色回帰.py", "exit_code": 0, "tests": 21, "successful": true, "timed_out": false}
{"index": 93, "file": "検証/距離回収回帰.py", "exit_code": 0, "tests": 71, "successful": true, "timed_out": false}
{"index": 94, "file": "検証/距離層回帰.py", "exit_code": 0, "tests": 15, "successful": true, "timed_out": false}
{"index": 95, "file": "検証/軸反射回帰.py", "exit_code": 0, "tests": 12, "successful": true, "timed_out": false}
{"index": 96, "file": "検証/軸投射回帰.py", "exit_code": 0, "tests": 24, "successful": true, "timed_out": false}
{"index": 97, "file": "検証/辺対応抽出回帰.py", "exit_code": 0, "tests": 9, "successful": true, "timed_out": false}
{"index": 98, "file": "検証/連結箱参照回帰.py", "exit_code": 0, "tests": 11, "successful": true, "timed_out": false}
{"index": 99, "file": "検証/遮蔽区画回帰.py", "exit_code": 0, "tests": 30, "successful": true, "timed_out": false}
{"index": 100, "file": "検証/部分見本回帰.py", "exit_code": 0, "tests": 11, "successful": true, "timed_out": false}
{"index": 101, "file": "検証/配置展開回帰.py", "exit_code": 0, "tests": 18, "successful": true, "timed_out": false}
{"index": 102, "file": "検証/重畳組立回帰.py", "exit_code": 0, "tests": 13, "successful": true, "timed_out": false}
{"index": 103, "file": "検証/門経路再構成回帰.py", "exit_code": 0, "tests": 22, "successful": true, "timed_out": false}
{"index": 104, "file": "検証/開口壁回帰.py", "exit_code": 0, "tests": 28, "successful": true, "timed_out": false}
{"index": 105, "file": "検証/隅模様転写回帰.py", "exit_code": 0, "tests": 116, "successful": true, "timed_out": false}
{"index": 106, "file": "検証/順位着色回帰.py", "exit_code": 0, "tests": 14, "successful": true, "timed_out": false}
{"index": 107, "file": "検証/領域指令回帰.py", "exit_code": 0, "tests": 42, "successful": true, "timed_out": false}
{"index": 108, "file": "検証/領域転写回帰.py", "exit_code": 0, "tests": 8, "successful": true, "timed_out": false}
{"complete": true, "files": 109, "expected_files": 109, "tests": 7839, "success": true, "elapsed_seconds": 112.0032534680031}
